Microchip MPLAB XC8 Compiler V2.40

Linker command line:

-W-3 \
  --edf=C:\Program Files\Microchip\xc8\v2.40\pic\dat\20220703182018_en.msgs \
  -cn -h+dist/default/production\8-Bit_Computer_Programmer.X.production.sym \
  --cmf=dist/default/production\8-Bit_Computer_Programmer.X.production.cmf \
  -z -Q16F1826 -oC:\Users\ABI\AppData\Local\Temp\xcAs5e4.4 \
  --defsym=__MPLAB_BUILD=1 --fixupoverflow=error \
  -Mdist/default/production/8-Bit_Computer_Programmer.X.production.map \
  --md=C:\Users\ABI\AppData\Local\Temp\xcAs5e4.dat -E1 -ver=XC8 Compiler \
  --acfsm=1493 -ACODE=00h-07FFh -ASTRCODE=00h-07FFh -ASTRING=00h-0FFhx8 \
  -ACONST=00h-0FFhx8 -AENTRY=00h-0FFhx8 -ACOMMON=070h-07Fh \
  -ABANK0=020h-06Fh -ABANK1=0A0h-0EFh -ABANK2=0120h-016Fh \
  -ABIGRAM=02000h-020EFh -ARAM=020h-06Fh,0A0h-0EFh,0120h-016Fh \
  -AABS1=020h-07Fh,0A0h-0EFh,0120h-016Fh -ASFR0=00h-01Fh -ASFR1=080h-09Fh \
  -ASFR2=0100h-011Fh -ASFR3=0180h-01EFh -ASFR4=0200h-026Fh \
  -ASFR5=0280h-02EFh -ASFR6=0300h-036Fh -ASFR7=0380h-03EFh \
  -ASFR8=0400h-046Fh -ASFR9=0480h-04EFh -ASFR10=0500h-056Fh \
  -ASFR11=0580h-05EFh -ASFR12=0600h-066Fh -ASFR13=0680h-06EFh \
  -ASFR14=0700h-076Fh -ASFR15=0780h-07EFh -ASFR16=0800h-086Fh \
  -ASFR17=0880h-08EFh -ASFR18=0900h-096Fh -ASFR19=0980h-09EFh \
  -ASFR20=0A00h-0A6Fh -ASFR21=0A80h-0AEFh -ASFR22=0B00h-0B6Fh \
  -ASFR23=0B80h-0BEFh -ASFR24=0C00h-0C6Fh -ASFR25=0C80h-0CEFh \
  -ASFR26=0D00h-0D6Fh -ASFR27=0D80h-0DEFh -ASFR28=0E00h-0E6Fh \
  -ASFR29=0E80h-0EEFh -ASFR30=0F00h-0F6Fh -ASFR31=0F80h-0FEFh \
  -ACONFIG=08007h-08008h -DCONFIG=2 -AIDLOC=08000h-08003h -DIDLOC=2 \
  -AEEDATA=00h-0FFh/0F000h -peeprom_data=EEDATA -DEEDATA=2 -DCODE=2 \
  -DSTRCODE=2 -DSTRING=2 -DCONST=2 -DENTRY=2 \
  -preset_vec=00h,intentry=04h,init,end_init -ppowerup=CODE -pcinit=CODE \
  -pfunctab=ENTRY -k C:\Users\ABI\AppData\Local\Temp\xcAs5e4.o \
  dist/default/production\8-Bit_Computer_Programmer.X.production.o 

Object code version is 3.11

Machine type is 16F1826



                Name                               Link     Load   Length Selector   Space Scale
C:\Users\ABI\AppData\Local\Temp\xcAs5e4.o
                end_init                             AF       AF        1        8       0
                reset_vec                             0        0        1        0       0
                config                             8007     8007        2        0       4
                idloc                              8000     8000        4        0       5
dist/default/production\8-Bit_Computer_Programmer.X.production.o
                cinit                                B0       B0       1C        8       0
                intentry                              4        4       AB        8       0
                config                             8007     8007        2        0       4
                idloc                              8000     8000        4        0       5
                text10                              26D      26D       11        8       0
                text9                               1FD      1FD       35        8       0
                text7                               19D      19D       60        8       0
                text6                               27E      27E        C        8       0
                text5                               29C      29C        6        8       0
                text4                               28A      28A        A        8       0
                text3                               294      294        8        8       0
                text2                               25A      25A       13        8       0
                text1                               232      232       28        8       0
                maintext                             CC       CC       D1        8       0
                cstackBANK0                          2C       2C        C       20       1
                cstackCOMMON                         70       70        9       70       1
                dataBANK0                            38       38        2       20       1
                bssBANK0                             20       20        C       20       1
                bssCOMMON                            79       79        5       70       1
                idataBANK0                          2A2      2A2        2        8       0

TOTAL           Name                               Link     Load   Length     Space
        CLASS   CODE           
                end_init                             AF       AF        1         0
                cinit                                B0       B0       1C         0
                intentry                              4        4       AB         0
                reset_vec                             0        0        1         0
                text10                              26D      26D       11         0
                text9                               1FD      1FD       35         0
                text7                               19D      19D       60         0
                text6                               27E      27E        C         0
                text5                               29C      29C        6         0
                text4                               28A      28A        A         0
                text3                               294      294        8         0
                text2                               25A      25A       13         0
                text1                               232      232       28         0
                maintext                             CC       CC       D1         0
                idataBANK0                          2A2      2A2        2         0

        CLASS   STRCODE        

        CLASS   STRING         

        CLASS   CONST          

        CLASS   ENTRY          

        CLASS   COMMON         
                cstackCOMMON                         70       70        9         1
                bssCOMMON                            79       79        5         1

        CLASS   BANK0          
                cstackBANK0                          2C       2C        C         1
                dataBANK0                            38       38        2         1
                bssBANK0                             20       20        C         1

        CLASS   BANK1          

        CLASS   BANK2          

        CLASS   BIGRAM         

        CLASS   RAM            

        CLASS   ABS1           
                abs_s1                               7E       7E        2         1

        CLASS   SFR0           

        CLASS   SFR1           

        CLASS   SFR2           

        CLASS   SFR3           

        CLASS   SFR4           

        CLASS   SFR5           

        CLASS   SFR6           

        CLASS   SFR7           

        CLASS   SFR8           

        CLASS   SFR9           

        CLASS   SFR10          

        CLASS   SFR11          

        CLASS   SFR12          

        CLASS   SFR13          

        CLASS   SFR14          

        CLASS   SFR15          

        CLASS   SFR16          

        CLASS   SFR17          

        CLASS   SFR18          

        CLASS   SFR19          

        CLASS   SFR20          

        CLASS   SFR21          

        CLASS   SFR22          

        CLASS   SFR23          

        CLASS   SFR24          

        CLASS   SFR25          

        CLASS   SFR26          

        CLASS   SFR27          

        CLASS   SFR28          

        CLASS   SFR29          

        CLASS   SFR30          

        CLASS   SFR31          

        CLASS   CONFIG         
                config                             8007     8007        2         4

        CLASS   IDLOC          
                idloc                              8000     8000        4         5

        CLASS   EEDATA         

        CLASS   BANK31         

        CLASS   BANK30         

        CLASS   BANK29         

        CLASS   BANK28         

        CLASS   BANK27         

        CLASS   BANK26         

        CLASS   BANK25         

        CLASS   BANK24         

        CLASS   BANK23         

        CLASS   BANK22         

        CLASS   BANK21         

        CLASS   BANK20         

        CLASS   BANK19         

        CLASS   BANK18         

        CLASS   BANK17         

        CLASS   BANK16         

        CLASS   BANK15         

        CLASS   BANK14         

        CLASS   BANK13         

        CLASS   BANK12         

        CLASS   BANK11         

        CLASS   BANK10         

        CLASS   BANK9          

        CLASS   BANK8          

        CLASS   BANK7          

        CLASS   BANK6          

        CLASS   BANK5          

        CLASS   BANK4          

        CLASS   BANK3          

        CLASS   HEAP           

        CLASS   STACK          



SEGMENTS        Name                           Load    Length   Top    Selector   Space  Class     Delta

                reset_vec                      000000  000001  000001         0       0  CODE        2
                intentry                       000004  0002A0  0002A4         8       0  CODE        2
                bssBANK0                       000020  00001A  00003A        20       1  BANK0       1
                cstackCOMMON                   000070  00000E  00007E        70       1  COMMON      1


UNUSED ADDRESS RANGES

        Name                Unused          Largest block    Delta
        BANK0            0003A-0006F              36           1
        BANK1            000A0-000EF              50           1
        BANK2            00120-0016F              50           1
        BIGRAM           02000-020EF              F0           1
        CODE             00001-00003               3           2
                         002A4-007FF             55C
        CONST            00001-00003               3           2
                         002A4-007FF             100
        EEDATA           0F000-0F0FF             100           2
        ENTRY            00001-00003               3           2
                         002A4-007FF             100
        RAM              0003A-0006F              36           1
                         000A0-000EF              50
                         00120-0016F              50
        SFR0             00000-0001F              20           1
        SFR1             00080-0009F              20           1
        SFR10            00500-0056F              70           1
        SFR11            00580-005EF              70           1
        SFR12            00600-0066F              70           1
        SFR13            00680-006EF              70           1
        SFR14            00700-0076F              70           1
        SFR15            00780-007EF              70           1
        SFR16            00800-0086F              70           1
        SFR17            00880-008EF              70           1
        SFR18            00900-0096F              70           1
        SFR19            00980-009EF              70           1
        SFR2             00100-0011F              20           1
        SFR20            00A00-00A6F              70           1
        SFR21            00A80-00AEF              70           1
        SFR22            00B00-00B6F              70           1
        SFR23            00B80-00BEF              70           1
        SFR24            00C00-00C6F              70           1
        SFR25            00C80-00CEF              70           1
        SFR26            00D00-00D6F              70           1
        SFR27            00D80-00DEF              70           1
        SFR28            00E00-00E6F              70           1
        SFR29            00E80-00EEF              70           1
        SFR3             00180-001EF              70           1
        SFR30            00F00-00F6F              70           1
        SFR31            00F80-00FEF              70           1
        SFR4             00200-0026F              70           1
        SFR5             00280-002EF              70           1
        SFR6             00300-0036F              70           1
        SFR7             00380-003EF              70           1
        SFR8             00400-0046F              70           1
        SFR9             00480-004EF              70           1
        STRCODE          00001-00003               3           2
                         002A4-007FF             55C
        STRING           00001-00003               3           2
                         002A4-007FF             100

                                  Symbol Table

SR_write40@address                cstackBANK0  0002E
SR_write40@command                cstackBANK0  00032
SR_write40@data                   cstackBANK0  0002C
SR_write40@i                      cstackBANK0  00033
SR_write40@i_133                  cstackBANK0  00034
SR_write40@i_134                  cstackBANK0  00035
UART_send@data                    cstackBANK0  0002C
_ADCON0                           (abs)        0009D
_ADCON0bits                       (abs)        0009D
_ADCON1                           (abs)        0009E
_ADC_init                         text5        0029C
_ADRESH                           (abs)        0009C
_ANSELBbits                       (abs)        0018D
_BAUDCONbits                      (abs)        0019F
_INTCONbits                       (abs)        0000B
_ISR                              intentry     00004
_LATAbits                         (abs)        0010C
_LATBbits                         (abs)        0010D
_MENU_f_first_entrance            dataBANK0    00039
_MENU_programmer_mode             bssBANK0     0002A
_PIE1bits                         (abs)        00091
_PIR1bits                         (abs)        00011
_RCREG                            (abs)        00199
_RCSTA                            (abs)        0019D
_RCSTAbits                        (abs)        0019D
_SPBRG                            (abs)        0019B
_SR_write40                       text7        0019D
_T1CON                            (abs)        00018
_T1CONbits                        (abs)        00018
_T2CON                            (abs)        0001C
_T2CONbits                        (abs)        0001C
_TMR1H                            (abs)        00017
_TMR1L                            (abs)        00016
_TMR1_counter                     bssCOMMON    0007D
_TMR1_init                        text4        0028A
_TMR2_counter                     bssBANK0     0002B
_TMR2_init                        text3        00294
_TRISAbits                        (abs)        0008C
_TRISBbits                        (abs)        0008D
_TXREG                            (abs)        0019A
_TXSTA                            (abs)        0019E
_TXSTAbits                        (abs)        0019E
_UART_init                        text2        0025A
_UART_receive_buffer              bssBANK0     00020
_UART_receive_error_check         text10       0026D
_UART_receive_pointer             bssCOMMON    0007C
_UART_send                        text6        0027E
__Habs1                           abs1         00000
__Hbank0                          bank0        00000
__Hbank1                          bank1        00000
__Hbank10                         bank10       00000
__Hbank11                         bank11       00000
__Hbank12                         bank12       00000
__Hbank13                         bank13       00000
__Hbank14                         bank14       00000
__Hbank15                         bank15       00000
__Hbank16                         bank16       00000
__Hbank17                         bank17       00000
__Hbank18                         bank18       00000
__Hbank19                         bank19       00000
__Hbank2                          bank2        00000
__Hbank20                         bank20       00000
__Hbank21                         bank21       00000
__Hbank22                         bank22       00000
__Hbank23                         bank23       00000
__Hbank24                         bank24       00000
__Hbank25                         bank25       00000
__Hbank26                         bank26       00000
__Hbank27                         bank27       00000
__Hbank28                         bank28       00000
__Hbank29                         bank29       00000
__Hbank3                          bank3        00000
__Hbank30                         bank30       00000
__Hbank31                         bank31       00000
__Hbank4                          bank4        00000
__Hbank5                          bank5        00000
__Hbank6                          bank6        00000
__Hbank7                          bank7        00000
__Hbank8                          bank8        00000
__Hbank9                          bank9        00000
__Hbigram                         bigram       00000
__HbssBANK0                       bssBANK0     00000
__HbssCOMMON                      bssCOMMON    00000
__Hcinit                          cinit        000CC
__Hclrtext                        clrtext      00000
__Hcode                           code         00000
__Hcommon                         common       00000
__Hconfig                         config       08009
__HcstackBANK0                    cstackBANK0  00000
__HcstackCOMMON                   cstackCOMMON 00000
__HdataBANK0                      dataBANK0    00000
__Heeprom_data                    eeprom_data  00000
__Hend_init                       end_init     000B0
__Hfunctab                        functab      00000
__Hheap                           heap         00000
__HidataBANK0                     idataBANK0   00000
__Hidloc                          idloc        08004
__Hinit                           init         000AF
__Hintentry                       intentry     000AF
__Hmaintext                       maintext     00000
__Hpowerup                        powerup      00000
__Hram                            ram          00000
__Hreset_vec                      reset_vec    00001
__Hsfr0                           sfr0         00000
__Hsfr1                           sfr1         00000
__Hsfr10                          sfr10        00000
__Hsfr11                          sfr11        00000
__Hsfr12                          sfr12        00000
__Hsfr13                          sfr13        00000
__Hsfr14                          sfr14        00000
__Hsfr15                          sfr15        00000
__Hsfr16                          sfr16        00000
__Hsfr17                          sfr17        00000
__Hsfr18                          sfr18        00000
__Hsfr19                          sfr19        00000
__Hsfr2                           sfr2         00000
__Hsfr20                          sfr20        00000
__Hsfr21                          sfr21        00000
__Hsfr22                          sfr22        00000
__Hsfr23                          sfr23        00000
__Hsfr24                          sfr24        00000
__Hsfr25                          sfr25        00000
__Hsfr26                          sfr26        00000
__Hsfr27                          sfr27        00000
__Hsfr28                          sfr28        00000
__Hsfr29                          sfr29        00000
__Hsfr3                           sfr3         00000
__Hsfr30                          sfr30        00000
__Hsfr31                          sfr31        00000
__Hsfr4                           sfr4         00000
__Hsfr5                           sfr5         00000
__Hsfr6                           sfr6         00000
__Hsfr7                           sfr7         00000
__Hsfr8                           sfr8         00000
__Hsfr9                           sfr9         00000
__Hspace_0                        (abs)        002A4
__Hspace_1                        (abs)        0007E
__Hspace_2                        (abs)        00000
__Hspace_3                        (abs)        00000
__Hspace_4                        (abs)        10010
__Hstack                          stack        00000
__Hstrings                        strings      00000
__Htext                           text         00000
__Labs1                           abs1         00000
__Lbank0                          bank0        00000
__Lbank1                          bank1        00000
__Lbank10                         bank10       00000
__Lbank11                         bank11       00000
__Lbank12                         bank12       00000
__Lbank13                         bank13       00000
__Lbank14                         bank14       00000
__Lbank15                         bank15       00000
__Lbank16                         bank16       00000
__Lbank17                         bank17       00000
__Lbank18                         bank18       00000
__Lbank19                         bank19       00000
__Lbank2                          bank2        00000
__Lbank20                         bank20       00000
__Lbank21                         bank21       00000
__Lbank22                         bank22       00000
__Lbank23                         bank23       00000
__Lbank24                         bank24       00000
__Lbank25                         bank25       00000
__Lbank26                         bank26       00000
__Lbank27                         bank27       00000
__Lbank28                         bank28       00000
__Lbank29                         bank29       00000
__Lbank3                          bank3        00000
__Lbank30                         bank30       00000
__Lbank31                         bank31       00000
__Lbank4                          bank4        00000
__Lbank5                          bank5        00000
__Lbank6                          bank6        00000
__Lbank7                          bank7        00000
__Lbank8                          bank8        00000
__Lbank9                          bank9        00000
__Lbigram                         bigram       00000
__LbssBANK0                       bssBANK0     00000
__LbssCOMMON                      bssCOMMON    00000
__Lcinit                          cinit        000B0
__Lclrtext                        clrtext      00000
__Lcode                           code         00000
__Lcommon                         common       00000
__Lconfig                         config       00000
__LcstackBANK0                    cstackBANK0  00000
__LcstackCOMMON                   cstackCOMMON 00000
__LdataBANK0                      dataBANK0    00000
__Leeprom_data                    eeprom_data  00000
__Lend_init                       end_init     000AF
__Lfunctab                        functab      00000
__Lheap                           heap         00000
__LidataBANK0                     idataBANK0   00000
__Lidloc                          idloc        00000
__Linit                           init         000AF
__Lintentry                       intentry     00004
__Lmaintext                       maintext     00000
__Lpowerup                        powerup      00000
__Lram                            ram          00000
__Lreset_vec                      reset_vec    00000
__Lsfr0                           sfr0         00000
__Lsfr1                           sfr1         00000
__Lsfr10                          sfr10        00000
__Lsfr11                          sfr11        00000
__Lsfr12                          sfr12        00000
__Lsfr13                          sfr13        00000
__Lsfr14                          sfr14        00000
__Lsfr15                          sfr15        00000
__Lsfr16                          sfr16        00000
__Lsfr17                          sfr17        00000
__Lsfr18                          sfr18        00000
__Lsfr19                          sfr19        00000
__Lsfr2                           sfr2         00000
__Lsfr20                          sfr20        00000
__Lsfr21                          sfr21        00000
__Lsfr22                          sfr22        00000
__Lsfr23                          sfr23        00000
__Lsfr24                          sfr24        00000
__Lsfr25                          sfr25        00000
__Lsfr26                          sfr26        00000
__Lsfr27                          sfr27        00000
__Lsfr28                          sfr28        00000
__Lsfr29                          sfr29        00000
__Lsfr3                           sfr3         00000
__Lsfr30                          sfr30        00000
__Lsfr31                          sfr31        00000
__Lsfr4                           sfr4         00000
__Lsfr5                           sfr5         00000
__Lsfr6                           sfr6         00000
__Lsfr7                           sfr7         00000
__Lsfr8                           sfr8         00000
__Lsfr9                           sfr9         00000
__Lspace_0                        (abs)        00000
__Lspace_1                        (abs)        00000
__Lspace_2                        (abs)        00000
__Lspace_3                        (abs)        00000
__Lspace_4                        (abs)        00000
__Lstack                          stack        00000
__Lstrings                        strings      00000
__Ltext                           text         00000
__S0                              (abs)        002A4
__S1                              (abs)        0007E
__S3                              (abs)        00000
___heap_hi                        (abs)        00000
___heap_lo                        (abs)        00000
___int_sp                         stack        00000
___latbits                        (abs)        00000
___sp                             stack        00000
___stackhi                        (abs)        00000
___stacklo                        (abs)        00000
__end_of_ADC_init                 text5        002A2
__end_of_ISR                      intentry     000AF
__end_of_SR_write40               text7        001FD
__end_of_TMR1_init                text4        00294
__end_of_TMR2_init                text3        0029C
__end_of_UART_init                text2        0026D
__end_of_UART_receive_error_check text10       0027E
__end_of_UART_send                text6        0028A
__end_of__initialization          cinit        000C9
__end_of_check_cks                text9        00232
__end_of_main                     maintext     0019D
__end_of_programmer_init          text1        0025A
__initialization                  cinit        000B0
__pbssBANK0                       bssBANK0     00020
__pbssCOMMON                      bssCOMMON    00079
__pcstackBANK0                    cstackBANK0  0002C
__pcstackCOMMON                   cstackCOMMON 00070
__pdataBANK0                      dataBANK0    00038
__pidataBANK0                     idataBANK0   002A2
__pintentry                       intentry     00004
__pmaintext                       maintext     000CC
__ptext1                          text1        00232
__ptext10                         text10       0026D
__ptext2                          text2        0025A
__ptext3                          text3        00294
__ptext4                          text4        0028A
__ptext5                          text5        0029C
__ptext6                          text6        0027E
__ptext7                          text7        0019D
__ptext9                          text9        001FD
_check_cks                        text9        001FD
_f_blink_green                    bssCOMMON    00079
_f_blink_orange                   bssCOMMON    0007A
_f_blink_red                      bssCOMMON    0007B
_f_packet_complete                bssBANK0     00029
_f_receive_problem                bssBANK0     00028
_main                             maintext     000CC
_programmer_init                  text1        00232
btemp                             (abs)        0007E
check_cks@i                       cstackCOMMON 00076
check_cks@result                  cstackCOMMON 00074
end_of_initialization             cinit        000C9
int$flags                         (abs)        0007E
intlevel0                         functab      00000
intlevel1                         functab      00000
intlevel2                         functab      00000
intlevel3                         functab      00000
intlevel4                         functab      00000
intlevel5                         functab      00000
reset_vec                         reset_vec    00000
start                             init         000AF
start_initialization              cinit        000B0
wtemp0                            (abs)        0007E


MODULE INFORMATION

Module		Function		Class		Link	Load	Size
UART_receive_error_check.c
		_UART_receive_error_check		CODE           	026D	0000	17

UART_receive_error_check.c estimated size: 17

ADC_init.c
		_ADC_init      		CODE           	029C	0000	6

ADC_init.c estimated size: 6

TMR2_init.c
		_TMR2_init     		CODE           	0294	0000	8

TMR2_init.c estimated size: 8

UART_init.c
		_UART_init     		CODE           	025A	0000	19

UART_init.c estimated size: 19

TMR1_init.c
		_TMR1_init     		CODE           	028A	0000	10

TMR1_init.c estimated size: 10

shared
		__initialization		CODE           	00B0	0000	25

shared estimated size: 25

UART_send.c
		_UART_send     		CODE           	027E	0000	12

UART_send.c estimated size: 12

programmer_init.c
		_programmer_init		CODE           	0232	0000	40

programmer_init.c estimated size: 40

SR_write40.c
		_SR_write40    		CODE           	019D	0000	96

SR_write40.c estimated size: 96

main.c
		_ISR           		CODE           	0004	0000	171
		_main          		CODE           	00CC	0000	209

main.c estimated size: 380

check_cks.c
		_check_cks     		CODE           	01FD	0000	53

check_cks.c estimated size: 53

